2026-09-17T23:07:02-0700 [overnight] OVERNIGHT_START
2026-09-17T23:07:02-0700 [overnight] STATUS -> RUNNING
2026-09-17T23:07:02-0700 [overnight] WAITING_FOR_STAGE4R
2026-09-18T00:21:04-0700 [overnight] STAGE4R_FINISHED
2026-09-18T00:21:04-0700 [overnight] POST_STAGE4R_COOLDOWN (waiting 900s)
2026-09-18T00:36:05-0700 [overnight] MEMORY_RECOVERY_START
2026-09-18T00:36:05-0700 [overnight] MEMORY_GATE_READING 1/3: swap=5062.12MB free=68%
2026-09-18T00:36:05-0700 [overnight] MEMORY_GATE_NOT_SAFE: swap 5062.12MB > 1500MB ceiling; rechecking in 300s
2026-09-18T00:41:05-0700 [overnight] MEMORY_GATE_READING 1/3: swap=5062.12MB free=69%
2026-09-18T00:41:05-0700 [overnight] MEMORY_GATE_NOT_SAFE: swap 5062.12MB > 1500MB ceiling; rechecking in 300s
2026-09-18T00:46:05-0700 [overnight] MEMORY_GATE_READING 1/3: swap=5062.12MB free=69%
2026-09-18T00:46:05-0700 [overnight] MEMORY_GATE_NOT_SAFE: swap 5062.12MB > 1500MB ceiling; rechecking in 300s
2026-09-18T00:51:05-0700 [overnight] MEMORY_GATE_READING 1/3: swap=5062.12MB free=69%
2026-09-18T00:51:05-0700 [overnight] MEMORY_GATE_NOT_SAFE: swap 5062.12MB > 1500MB ceiling; rechecking in 300s
2026-09-18T00:56:05-0700 [overnight] MEMORY_GATE_READING 1/3: swap=5062.12MB free=69%
2026-09-18T00:56:05-0700 [overnight] MEMORY_GATE_NOT_SAFE: swap 5062.12MB > 1500MB ceiling; rechecking in 300s
2026-09-18T01:01:05-0700 [overnight] MEMORY_GATE_READING 1/3: swap=5062.12MB free=69%
2026-09-18T01:01:05-0700 [overnight] MEMORY_GATE_NOT_SAFE: swap 5062.12MB > 1500MB ceiling; rechecking in 300s
2026-09-18T01:06:05-0700 [overnight] MEMORY_GATE_READING 1/3: swap=5062.12MB free=69%
2026-09-18T01:06:05-0700 [overnight] FAILURE (BLOCKED_MEMORY): memory did not recover after stage4r cooldown: swap 5062.12MB > 1500MB ceiling (after 1800s of recovery waiting)
2026-09-18T01:06:05-0700 [overnight] STATUS -> BLOCKED_MEMORY
2026-09-18T08:05:57-0700 [watchdog:final10] WATCHDOG_START pid=7091
2026-09-18T08:05:57-0700 [watchdog:final10] sample swap=5030.06MB baseline=5030.06MB free=71% pressure_level=1 dup_week3='' stage4r_present=no
2026-09-18T08:06:23-0700 [watchdog:final10] sample swap=5030.06MB baseline=5030.06MB free=71% pressure_level=1 dup_week3='' stage4r_present=no
2026-09-18T08:06:48-0700 [watchdog:final10] sample swap=5030.06MB baseline=5030.06MB free=72% pressure_level=1 dup_week3='' stage4r_present=no
2026-09-18T08:07:13-0700 [watchdog:final10] sample swap=5030.06MB baseline=5030.06MB free=59% pressure_level=1 dup_week3='' stage4r_present=no
2026-09-18T08:07:38-0700 [watchdog:final10] sample swap=5030.06MB baseline=5030.06MB free=60% pressure_level=1 dup_week3='' stage4r_present=no
2026-09-18T08:08:03-0700 [watchdog:final10] sample swap=5030.06MB baseline=5030.06MB free=60% pressure_level=1 dup_week3='' stage4r_present=no
2026-09-18T08:08:28-0700 [watchdog:final10] WATCHDOG_EXIT pid=7091
